Information: Propagating switching activity (low effort zero delay simulation). (PWR-6)
Warning: Design has unannotated sequential cell outputs. (PWR-415)
 
****************************************
Report : power
        -analysis_effort low
Design : CPU
Version: N-2017.09-SP3
Date   : Mon May 11 00:15:19 2020
****************************************


Library(s) Used:

    NangateOpenCellLibrary (File: /import/lab/users/mehmedag/DeSCAM_Remote/DeSCAM/doc/Howto/PowerEstimation/NangateOpenCellLibrary_PDKv1_3_v2010_12/Front_End/Liberty/NLDM/NangateOpenCellLibrary_typical.db)


Operating Conditions: typical   Library: NangateOpenCellLibrary
Wire Load Model Mode: top

Design        Wire Load Model            Library
------------------------------------------------
CPU                    5K_hvratio_1_1    NangateOpenCellLibrary


Global Operating Voltage = 1.1  
Power-specific unit information :
    Voltage Units = 1V
    Capacitance Units = 1.000000ff
    Time Units = 1ns
    Dynamic Power Units = 1uW    (derived from V,C,T units)
    Leakage Power Units = 1nW


  Cell Internal Power  = 218.3200 uW   (90%)
  Net Switching Power  =  24.3068 uW   (10%)
                         ---------
Total Dynamic Power    = 242.6268 uW  (100%)

Cell Leakage Power     = 229.2816 uW


                 Internal         Switching           Leakage            Total
Power Group      Power            Power               Power              Power   (   %    )  Attrs
--------------------------------------------------------------------------------------------------
io_pad             0.0000            0.0000            0.0000            0.0000  (   0.00%)
memory             0.0000            0.0000            0.0000            0.0000  (   0.00%)
black_box          0.0000            0.0000            0.0000            0.0000  (   0.00%)
clock_network     83.0306            8.9053        3.4873e+03           95.4232  (  20.22%)
register         131.3906            2.1200        1.2638e+05          259.8895  (  55.07%)
sequential         0.0000            0.0000            0.0000            0.0000  (   0.00%)
combinational      3.8992           13.2815        9.9415e+04          116.5960  (  24.71%)
--------------------------------------------------------------------------------------------------
Total            218.3204 uW        24.3068 uW     2.2928e+05 nW       471.9086 uW
1
