Information: Propagating switching activity (low effort zero delay simulation). (PWR-6)
Warning: Design has unannotated sequential cell outputs. (PWR-415)
 
****************************************
Report : power
        -analysis_effort low
Design : CPU
Version: N-2017.09-SP3
Date   : Fri May  8 13:19:08 2020
****************************************


Library(s) Used:

    NangateOpenCellLibrary (File: /import/lab/users/mehmedag/DeSCAM_Remote/DeSCAM/doc/Howto/PowerEstimation/NangateOpenCellLibrary_PDKv1_3_v2010_12/Front_End/Liberty/NLDM/NangateOpenCellLibrary_typical.db)


Operating Conditions: typical   Library: NangateOpenCellLibrary
Wire Load Model Mode: top

Design        Wire Load Model            Library
------------------------------------------------
CPU                    5K_hvratio_1_1    NangateOpenCellLibrary


Global Operating Voltage = 1.1  
Power-specific unit information :
    Voltage Units = 1V
    Capacitance Units = 1.000000ff
    Time Units = 1ns
    Dynamic Power Units = 1uW    (derived from V,C,T units)
    Leakage Power Units = 1nW


  Cell Internal Power  = 194.8758 uW   (90%)
  Net Switching Power  =  21.0584 uW   (10%)
                         ---------
Total Dynamic Power    = 215.9342 uW  (100%)

Cell Leakage Power     = 229.0599 uW


                 Internal         Switching           Leakage            Total
Power Group      Power            Power               Power              Power   (   %    )  Attrs
--------------------------------------------------------------------------------------------------
io_pad             0.0000            0.0000            0.0000            0.0000  (   0.00%)
memory             0.0000            0.0000            0.0000            0.0000  (   0.00%)
black_box          0.0000            0.0000            0.0000            0.0000  (   0.00%)
clock_network     82.7101            7.2088        3.4857e+03           93.4046  (  20.99%)
register         108.5320            1.9784        1.2633e+05          236.8444  (  53.22%)
sequential         0.0000            0.0000            0.0000            0.0000  (   0.00%)
combinational      3.6341           11.8712        9.9240e+04          114.7454  (  25.79%)
--------------------------------------------------------------------------------------------------
Total            194.8762 uW        21.0584 uW     2.2906e+05 nW       444.9944 uW
1
