Information: Propagating switching activity (low effort zero delay simulation). (PWR-6)
Warning: Design has unannotated sequential cell outputs. (PWR-415)
 
****************************************
Report : power
        -analysis_effort low
Design : CPU
Version: N-2017.09-SP3
Date   : Fri May  8 12:36:08 2020
****************************************


Library(s) Used:

    NangateOpenCellLibrary (File: /import/lab/users/mehmedag/DeSCAM_Remote/DeSCAM/doc/Howto/PowerEstimation/NangateOpenCellLibrary_PDKv1_3_v2010_12/Front_End/Liberty/NLDM/NangateOpenCellLibrary_typical.db)


Operating Conditions: typical   Library: NangateOpenCellLibrary
Wire Load Model Mode: top

Design        Wire Load Model            Library
------------------------------------------------
CPU                    5K_hvratio_1_1    NangateOpenCellLibrary


Global Operating Voltage = 1.1  
Power-specific unit information :
    Voltage Units = 1V
    Capacitance Units = 1.000000ff
    Time Units = 1ns
    Dynamic Power Units = 1uW    (derived from V,C,T units)
    Leakage Power Units = 1nW


  Cell Internal Power  = 376.5808 uW   (92%)
  Net Switching Power  =  34.6841 uW    (8%)
                         ---------
Total Dynamic Power    = 411.2649 uW  (100%)

Cell Leakage Power     = 228.9961 uW


                 Internal         Switching           Leakage            Total
Power Group      Power            Power               Power              Power   (   %    )  Attrs
--------------------------------------------------------------------------------------------------
io_pad             0.0000            0.0000            0.0000            0.0000  (   0.00%)
memory             0.0000            0.0000            0.0000            0.0000  (   0.00%)
black_box          0.0000            0.0000            0.0000            0.0000  (   0.00%)
clock_network     78.8885           19.4414        3.4990e+03          101.8289  (  15.90%)
register         292.9845            2.1886        1.2650e+05          421.6681  (  65.86%)
sequential         0.0000            0.0000            0.0000            0.0000  (   0.00%)
combinational      4.7105           13.0541        9.9002e+04          116.7664  (  18.24%)
--------------------------------------------------------------------------------------------------
Total            376.5835 uW        34.6841 uW     2.2900e+05 nW       640.2635 uW
1
