Information: Propagating switching activity (low effort zero delay simulation). (PWR-6)
Warning: Design has unannotated sequential cell outputs. (PWR-415)
 
****************************************
Report : power
        -analysis_effort low
Design : CPU
Version: N-2017.09-SP3
Date   : Tue May 12 21:17:43 2020
****************************************


Library(s) Used:

    NangateOpenCellLibrary (File: /import/lab/users/mehmedag/DeSCAM_Remote/DeSCAM/doc/Howto/PowerEstimation/NangateOpenCellLibrary_PDKv1_3_v2010_12/Front_End/Liberty/NLDM/NangateOpenCellLibrary_typical.db)


Operating Conditions: typical   Library: NangateOpenCellLibrary
Wire Load Model Mode: top

Design        Wire Load Model            Library
------------------------------------------------
CPU                    5K_hvratio_1_1    NangateOpenCellLibrary


Global Operating Voltage = 1.1  
Power-specific unit information :
    Voltage Units = 1V
    Capacitance Units = 1.000000ff
    Time Units = 1ns
    Dynamic Power Units = 1uW    (derived from V,C,T units)
    Leakage Power Units = 1nW


  Cell Internal Power  = 256.6470 uW   (90%)
  Net Switching Power  =  27.4547 uW   (10%)
                         ---------
Total Dynamic Power    = 284.1017 uW  (100%)

Cell Leakage Power     = 229.2368 uW


                 Internal         Switching           Leakage            Total
Power Group      Power            Power               Power              Power   (   %    )  Attrs
--------------------------------------------------------------------------------------------------
io_pad             0.0000            0.0000            0.0000            0.0000  (   0.00%)
memory             0.0000            0.0000            0.0000            0.0000  (   0.00%)
black_box          0.0000            0.0000            0.0000            0.0000  (   0.00%)
clock_network     82.2406           11.4318        3.4893e+03           97.1619  (  18.93%)
register         170.2701            2.2544        1.2636e+05          298.8805  (  58.22%)
sequential         0.0000            0.0000            0.0000            0.0000  (   0.00%)
combinational      4.1349           13.7684        9.9392e+04          117.2949  (  22.85%)
--------------------------------------------------------------------------------------------------
Total            256.6457 uW        27.4547 uW     2.2924e+05 nW       513.3373 uW
1
