Information: Propagating switching activity (low effort zero delay simulation). (PWR-6)
Warning: Design has unannotated sequential cell outputs. (PWR-415)
 
****************************************
Report : power
        -analysis_effort low
Design : CPU
Version: N-2017.09-SP3
Date   : Mon Apr 20 15:49:39 2020
****************************************


Library(s) Used:

    NangateOpenCellLibrary (File: /import/lab/users/mehmedag/DeSCAM_Remote/DeSCAM/doc/Howto/PowerEstimation/NangateOpenCellLibrary_PDKv1_3_v2010_12/Front_End/Liberty/NLDM/NangateOpenCellLibrary_typical.db)


Operating Conditions: typical   Library: NangateOpenCellLibrary
Wire Load Model Mode: top

Design        Wire Load Model            Library
------------------------------------------------
CPU                    5K_hvratio_1_1    NangateOpenCellLibrary


Global Operating Voltage = 1.1  
Power-specific unit information :
    Voltage Units = 1V
    Capacitance Units = 1.000000ff
    Time Units = 1ns
    Dynamic Power Units = 1uW    (derived from V,C,T units)
    Leakage Power Units = 1nW


  Cell Internal Power  = 208.8412 uW   (85%)
  Net Switching Power  =  37.6419 uW   (15%)
                         ---------
Total Dynamic Power    = 246.4831 uW  (100%)

Cell Leakage Power     = 231.5616 uW


                 Internal         Switching           Leakage            Total
Power Group      Power            Power               Power              Power   (   %    )  Attrs
--------------------------------------------------------------------------------------------------
io_pad             0.0000            0.0000            0.0000            0.0000  (   0.00%)
memory             0.0000            0.0000            0.0000            0.0000  (   0.00%)
black_box          0.0000            0.0000            0.0000            0.0000  (   0.00%)
clock_network     83.1238            7.6151        3.4862e+03           94.2250  (  19.71%)
register         112.6471            4.7593        1.2797e+05          245.3800  (  51.33%)
sequential         0.0000            0.0000            0.0000            0.0000  (   0.00%)
combinational     13.0687           25.2675        1.0010e+05          138.4378  (  28.96%)
--------------------------------------------------------------------------------------------------
Total            208.8395 uW        37.6419 uW     2.3156e+05 nW       478.0428 uW
1
