Information: Propagating switching activity (low effort zero delay simulation). (PWR-6)
Warning: Design has unannotated sequential cell outputs. (PWR-415)
 
****************************************
Report : power
        -analysis_effort low
Design : CPU
Version: N-2017.09-SP3
Date   : Fri May  8 13:28:10 2020
****************************************


Library(s) Used:

    NangateOpenCellLibrary (File: /import/lab/users/mehmedag/DeSCAM_Remote/DeSCAM/doc/Howto/PowerEstimation/NangateOpenCellLibrary_PDKv1_3_v2010_12/Front_End/Liberty/NLDM/NangateOpenCellLibrary_typical.db)


Operating Conditions: typical   Library: NangateOpenCellLibrary
Wire Load Model Mode: top

Design        Wire Load Model            Library
------------------------------------------------
CPU                    5K_hvratio_1_1    NangateOpenCellLibrary


Global Operating Voltage = 1.1  
Power-specific unit information :
    Voltage Units = 1V
    Capacitance Units = 1.000000ff
    Time Units = 1ns
    Dynamic Power Units = 1uW    (derived from V,C,T units)
    Leakage Power Units = 1nW


  Cell Internal Power  = 187.5312 uW   (90%)
  Net Switching Power  =  20.6293 uW   (10%)
                         ---------
Total Dynamic Power    = 208.1605 uW  (100%)

Cell Leakage Power     = 229.1237 uW


                 Internal         Switching           Leakage            Total
Power Group      Power            Power               Power              Power   (   %    )  Attrs
--------------------------------------------------------------------------------------------------
io_pad             0.0000            0.0000            0.0000            0.0000  (   0.00%)
memory             0.0000            0.0000            0.0000            0.0000  (   0.00%)
black_box          0.0000            0.0000            0.0000            0.0000  (   0.00%)
clock_network     82.8954            6.7250        3.4852e+03           93.1057  (  21.29%)
register         100.9659            1.9720        1.2636e+05          229.3023  (  52.44%)
sequential         0.0000            0.0000            0.0000            0.0000  (   0.00%)
combinational      3.6715           11.9322        9.9274e+04          114.8780  (  26.27%)
--------------------------------------------------------------------------------------------------
Total            187.5328 uW        20.6292 uW     2.2912e+05 nW       437.2859 uW
1
