Information: Propagating switching activity (low effort zero delay simulation). (PWR-6)
Warning: Design has unannotated sequential cell outputs. (PWR-415)
 
****************************************
Report : power
        -analysis_effort low
Design : CPU
Version: N-2017.09-SP3
Date   : Fri May  8 12:48:09 2020
****************************************


Library(s) Used:

    NangateOpenCellLibrary (File: /import/lab/users/mehmedag/DeSCAM_Remote/DeSCAM/doc/Howto/PowerEstimation/NangateOpenCellLibrary_PDKv1_3_v2010_12/Front_End/Liberty/NLDM/NangateOpenCellLibrary_typical.db)


Operating Conditions: typical   Library: NangateOpenCellLibrary
Wire Load Model Mode: top

Design        Wire Load Model            Library
------------------------------------------------
CPU                    5K_hvratio_1_1    NangateOpenCellLibrary


Global Operating Voltage = 1.1  
Power-specific unit information :
    Voltage Units = 1V
    Capacitance Units = 1.000000ff
    Time Units = 1ns
    Dynamic Power Units = 1uW    (derived from V,C,T units)
    Leakage Power Units = 1nW


  Cell Internal Power  =   1.3905 mW   (93%)
  Net Switching Power  = 104.7416 uW    (7%)
                         ---------
Total Dynamic Power    =   1.4953 mW  (100%)

Cell Leakage Power     = 230.1437 uW


                 Internal         Switching           Leakage            Total
Power Group      Power            Power               Power              Power   (   %    )  Attrs
--------------------------------------------------------------------------------------------------
io_pad             0.0000            0.0000            0.0000            0.0000  (   0.00%)
memory             0.0000            0.0000            0.0000            0.0000  (   0.00%)
black_box          0.0000            0.0000            0.0000            0.0000  (   0.00%)
clock_network     84.1373           86.1430        3.5559e+03          173.8362  (  10.07%)
register       1.2984e+03            0.3842        1.2802e+05        1.4268e+03  (  82.69%)
sequential         0.0000            0.0000            0.0000            0.0000  (   0.00%)
combinational      8.0280           18.2145        9.8564e+04          124.8066  (   7.23%)
--------------------------------------------------------------------------------------------------
Total          1.3906e+03 uW       104.7417 uW     2.3014e+05 nW     1.7254e+03 uW
1
