Information: Propagating switching activity (low effort zero delay simulation). (PWR-6)
Warning: Design has unannotated sequential cell outputs. (PWR-415)
 
****************************************
Report : power
        -analysis_effort low
Design : CPU
Version: N-2017.09-SP3
Date   : Thu May 14 12:25:20 2020
****************************************


Library(s) Used:

    NangateOpenCellLibrary (File: /import/lab/users/mehmedag/DeSCAM_Remote/DeSCAM/doc/Howto/PowerEstimation/NangateOpenCellLibrary_PDKv1_3_v2010_12/Front_End/Liberty/NLDM/NangateOpenCellLibrary_typical.db)


Operating Conditions: typical   Library: NangateOpenCellLibrary
Wire Load Model Mode: top

Design        Wire Load Model            Library
------------------------------------------------
CPU                    5K_hvratio_1_1    NangateOpenCellLibrary


Global Operating Voltage = 1.1  
Power-specific unit information :
    Voltage Units = 1V
    Capacitance Units = 1.000000ff
    Time Units = 1ns
    Dynamic Power Units = 1uW    (derived from V,C,T units)
    Leakage Power Units = 1nW


  Cell Internal Power  = 219.4194 uW   (90%)
  Net Switching Power  =  25.3055 uW   (10%)
                         ---------
Total Dynamic Power    = 244.7249 uW  (100%)

Cell Leakage Power     = 229.5024 uW


                 Internal         Switching           Leakage            Total
Power Group      Power            Power               Power              Power   (   %    )  Attrs
--------------------------------------------------------------------------------------------------
io_pad             0.0000            0.0000            0.0000            0.0000  (   0.00%)
memory             0.0000            0.0000            0.0000            0.0000  (   0.00%)
black_box          0.0000            0.0000            0.0000            0.0000  (   0.00%)
clock_network     82.9811            8.9167        3.4874e+03           95.3853  (  20.11%)
register         131.7693            2.2385        1.2657e+05          260.5810  (  54.95%)
sequential         0.0000            0.0000            0.0000            0.0000  (   0.00%)
combinational      4.6684           14.1503        9.9442e+04          118.2610  (  24.94%)
--------------------------------------------------------------------------------------------------
Total            219.4188 uW        25.3055 uW     2.2950e+05 nW       474.2272 uW
1
