Information: Propagating switching activity (low effort zero delay simulation). (PWR-6)
Warning: Design has unannotated sequential cell outputs. (PWR-415)
 
****************************************
Report : power
        -analysis_effort low
Design : CPU
Version: N-2017.09-SP3
Date   : Fri May  8 12:31:11 2020
****************************************


Library(s) Used:

    NangateOpenCellLibrary (File: /import/lab/users/mehmedag/DeSCAM_Remote/DeSCAM/doc/Howto/PowerEstimation/NangateOpenCellLibrary_PDKv1_3_v2010_12/Front_End/Liberty/NLDM/NangateOpenCellLibrary_typical.db)


Operating Conditions: typical   Library: NangateOpenCellLibrary
Wire Load Model Mode: top

Design        Wire Load Model            Library
------------------------------------------------
CPU                    5K_hvratio_1_1    NangateOpenCellLibrary


Global Operating Voltage = 1.1  
Power-specific unit information :
    Voltage Units = 1V
    Capacitance Units = 1.000000ff
    Time Units = 1ns
    Dynamic Power Units = 1uW    (derived from V,C,T units)
    Leakage Power Units = 1nW


  Cell Internal Power  = 444.0880 uW   (92%)
  Net Switching Power  =  39.9272 uW    (8%)
                         ---------
Total Dynamic Power    = 484.0152 uW  (100%)

Cell Leakage Power     = 229.2101 uW


                 Internal         Switching           Leakage            Total
Power Group      Power            Power               Power              Power   (   %    )  Attrs
--------------------------------------------------------------------------------------------------
io_pad             0.0000            0.0000            0.0000            0.0000  (   0.00%)
memory             0.0000            0.0000            0.0000            0.0000  (   0.00%)
black_box          0.0000            0.0000            0.0000            0.0000  (   0.00%)
clock_network     78.4794           24.0278        3.5032e+03          106.0105  (  14.86%)
register         360.8960            2.1114        1.2656e+05          489.5703  (  68.64%)
sequential         0.0000            0.0000            0.0000            0.0000  (   0.00%)
combinational      4.7089           13.7879        9.9144e+04          117.6407  (  16.49%)
--------------------------------------------------------------------------------------------------
Total            444.0843 uW        39.9271 uW     2.2921e+05 nW       713.2214 uW
1
