Information: Propagating switching activity (low effort zero delay simulation). (PWR-6)
Warning: Design has unannotated sequential cell outputs. (PWR-415)
 
****************************************
Report : power
        -analysis_effort low
Design : CPU
Version: N-2017.09-SP3
Date   : Thu May 14 12:53:46 2020
****************************************


Library(s) Used:

    NangateOpenCellLibrary (File: /import/lab/users/mehmedag/DeSCAM_Remote/DeSCAM/doc/Howto/PowerEstimation/NangateOpenCellLibrary_PDKv1_3_v2010_12/Front_End/Liberty/NLDM/NangateOpenCellLibrary_typical.db)


Operating Conditions: typical   Library: NangateOpenCellLibrary
Wire Load Model Mode: top

Design        Wire Load Model            Library
------------------------------------------------
CPU                    5K_hvratio_1_1    NangateOpenCellLibrary


Global Operating Voltage = 1.1  
Power-specific unit information :
    Voltage Units = 1V
    Capacitance Units = 1.000000ff
    Time Units = 1ns
    Dynamic Power Units = 1uW    (derived from V,C,T units)
    Leakage Power Units = 1nW


  Cell Internal Power  = 263.1129 uW   (81%)
  Net Switching Power  =  60.8786 uW   (19%)
                         ---------
Total Dynamic Power    = 323.9915 uW  (100%)

Cell Leakage Power     = 238.3418 uW


                 Internal         Switching           Leakage            Total
Power Group      Power            Power               Power              Power   (   %    )  Attrs
--------------------------------------------------------------------------------------------------
io_pad             0.0000            0.0000            0.0000            0.0000  (   0.00%)
memory             0.0000            0.0000            0.0000            0.0000  (   0.00%)
black_box          0.0000            0.0000            0.0000            0.0000  (   0.00%)
clock_network     82.9531            7.0111        3.4869e+03           93.4511  (  16.62%)
register         145.8731            7.3547        1.3366e+05          286.8844  (  51.02%)
sequential         0.0000            0.0000            0.0000            0.0000  (   0.00%)
combinational     34.2866           46.5127        1.0120e+05          181.9978  (  32.36%)
--------------------------------------------------------------------------------------------------
Total            263.1127 uW        60.8785 uW     2.3834e+05 nW       562.3333 uW
1
