Information: Propagating switching activity (low effort zero delay simulation). (PWR-6)
Warning: Design has unannotated sequential cell outputs. (PWR-415)
 
****************************************
Report : power
        -analysis_effort low
Design : CPU
Version: N-2017.09-SP3
Date   : Tue May 12 00:08:55 2020
****************************************


Library(s) Used:

    NangateOpenCellLibrary (File: /import/lab/users/mehmedag/DeSCAM_Remote/DeSCAM/doc/Howto/PowerEstimation/NangateOpenCellLibrary_PDKv1_3_v2010_12/Front_End/Liberty/NLDM/NangateOpenCellLibrary_typical.db)


Operating Conditions: typical   Library: NangateOpenCellLibrary
Wire Load Model Mode: top

Design        Wire Load Model            Library
------------------------------------------------
CPU                    5K_hvratio_1_1    NangateOpenCellLibrary


Global Operating Voltage = 1.1  
Power-specific unit information :
    Voltage Units = 1V
    Capacitance Units = 1.000000ff
    Time Units = 1ns
    Dynamic Power Units = 1uW    (derived from V,C,T units)
    Leakage Power Units = 1nW


  Cell Internal Power  = 238.5173 uW   (89%)
  Net Switching Power  =  28.1607 uW   (11%)
                         ---------
Total Dynamic Power    = 266.6780 uW  (100%)

Cell Leakage Power     = 229.1880 uW


                 Internal         Switching           Leakage            Total
Power Group      Power            Power               Power              Power   (   %    )  Attrs
--------------------------------------------------------------------------------------------------
io_pad             0.0000            0.0000            0.0000            0.0000  (   0.00%)
memory             0.0000            0.0000            0.0000            0.0000  (   0.00%)
black_box          0.0000            0.0000            0.0000            0.0000  (   0.00%)
clock_network     82.6356           10.1308        3.4882e+03           96.2545  (  19.41%)
register         150.6826            2.5624        1.2641e+05          279.6542  (  56.40%)
sequential         0.0000            0.0000            0.0000            0.0000  (   0.00%)
combinational      5.1974           15.4676        9.9290e+04          119.9554  (  24.19%)
--------------------------------------------------------------------------------------------------
Total            238.5157 uW        28.1607 uW     2.2919e+05 nW       495.8642 uW
1
