Information: Propagating switching activity (low effort zero delay simulation). (PWR-6)
Warning: Design has unannotated primary inputs. (PWR-414)
Warning: Design has unannotated sequential cell outputs. (PWR-415)
 
****************************************
Report : power
        -analysis_effort low
Design : CPU
Version: N-2017.09-SP3
Date   : Fri Apr 17 10:45:20 2020
****************************************


Library(s) Used:

    NangateOpenCellLibrary (File: /import/lab/users/mehmedag/DeSCAM_Remote/DeSCAM/doc/Howto/PowerEstimation/NangateOpenCellLibrary_PDKv1_3_v2010_12/Front_End/Liberty/NLDM/NangateOpenCellLibrary_typical.db)


Operating Conditions: typical   Library: NangateOpenCellLibrary
Wire Load Model Mode: top

Design        Wire Load Model            Library
------------------------------------------------
CPU                    5K_hvratio_1_1    NangateOpenCellLibrary


Global Operating Voltage = 1.1  
Power-specific unit information :
    Voltage Units = 1V
    Capacitance Units = 1.000000ff
    Time Units = 1ns
    Dynamic Power Units = 1uW    (derived from V,C,T units)
    Leakage Power Units = 1nW


  Cell Internal Power  = 921.3601 uW   (93%)
  Net Switching Power  =  73.7969 uW    (7%)
                         ---------
Total Dynamic Power    = 995.1570 uW  (100%)

Cell Leakage Power     = 199.4146 uW


                 Internal         Switching           Leakage            Total
Power Group      Power            Power               Power              Power   (   %    )  Attrs
--------------------------------------------------------------------------------------------------
io_pad             0.0000            0.0000            0.0000            0.0000  (   0.00%)
memory             0.0000            0.0000            0.0000            0.0000  (   0.00%)
black_box          0.0000            0.0000            0.0000            0.0000  (   0.00%)
clock_network     53.3217           57.0206        2.4392e+03          112.7814  (   9.44%)
register         861.8582            0.5632        8.5302e+04          947.7234  (  79.34%)
sequential         0.0000            0.0000            0.0000            0.0000  (   0.00%)
combinational      6.1799           16.2131        1.1167e+05          134.0665  (  11.22%)
--------------------------------------------------------------------------------------------------
Total            921.3597 uW        73.7969 uW     1.9941e+05 nW     1.1946e+03 uW
1
