Information: Propagating switching activity (low effort zero delay simulation). (PWR-6)
Warning: Design has unannotated sequential cell outputs. (PWR-415)
 
****************************************
Report : power
        -analysis_effort low
Design : CPU
Version: N-2017.09-SP3
Date   : Tue Apr 21 13:59:18 2020
****************************************


Library(s) Used:

    NangateOpenCellLibrary (File: /import/lab/users/mehmedag/DeSCAM_Remote/DeSCAM/doc/Howto/PowerEstimation/NangateOpenCellLibrary_PDKv1_3_v2010_12/Front_End/Liberty/NLDM/NangateOpenCellLibrary_typical.db)


Operating Conditions: typical   Library: NangateOpenCellLibrary
Wire Load Model Mode: top

Design        Wire Load Model            Library
------------------------------------------------
CPU                    5K_hvratio_1_1    NangateOpenCellLibrary


Global Operating Voltage = 1.1  
Power-specific unit information :
    Voltage Units = 1V
    Capacitance Units = 1.000000ff
    Time Units = 1ns
    Dynamic Power Units = 1uW    (derived from V,C,T units)
    Leakage Power Units = 1nW


  Cell Internal Power  = 214.9712 uW   (89%)
  Net Switching Power  =  25.8652 uW   (11%)
                         ---------
Total Dynamic Power    = 240.8364 uW  (100%)

Cell Leakage Power     = 231.2803 uW


                 Internal         Switching           Leakage            Total
Power Group      Power            Power               Power              Power   (   %    )  Attrs
--------------------------------------------------------------------------------------------------
io_pad             0.0000            0.0000            0.0000            0.0000  (   0.00%)
memory             0.0000            0.0000            0.0000            0.0000  (   0.00%)
black_box          0.0000            0.0000            0.0000            0.0000  (   0.00%)
clock_network     83.0790            8.6556        3.4870e+03           95.2216  (  20.17%)
register         126.7431            2.3752        1.2827e+05          257.3876  (  54.52%)
sequential         0.0000            0.0000            0.0000            0.0000  (   0.00%)
combinational      5.1491           14.8344        9.9524e+04          119.5074  (  25.31%)
--------------------------------------------------------------------------------------------------
Total            214.9712 uW        25.8652 uW     2.3128e+05 nW       472.1167 uW
1
