Information: Propagating switching activity (low effort zero delay simulation). (PWR-6)
Warning: Design has unannotated sequential cell outputs. (PWR-415)
 
****************************************
Report : power
        -analysis_effort low
Design : CPU
Version: N-2017.09-SP3
Date   : Fri May  8 13:13:53 2020
****************************************


Library(s) Used:

    NangateOpenCellLibrary (File: /import/lab/users/mehmedag/DeSCAM_Remote/DeSCAM/doc/Howto/PowerEstimation/NangateOpenCellLibrary_PDKv1_3_v2010_12/Front_End/Liberty/NLDM/NangateOpenCellLibrary_typical.db)


Operating Conditions: typical   Library: NangateOpenCellLibrary
Wire Load Model Mode: top

Design        Wire Load Model            Library
------------------------------------------------
CPU                    5K_hvratio_1_1    NangateOpenCellLibrary


Global Operating Voltage = 1.1  
Power-specific unit information :
    Voltage Units = 1V
    Capacitance Units = 1.000000ff
    Time Units = 1ns
    Dynamic Power Units = 1uW    (derived from V,C,T units)
    Leakage Power Units = 1nW


  Cell Internal Power  = 233.8865 uW   (91%)
  Net Switching Power  =  24.0432 uW    (9%)
                         ---------
Total Dynamic Power    = 257.9297 uW  (100%)

Cell Leakage Power     = 229.0040 uW


                 Internal         Switching           Leakage            Total
Power Group      Power            Power               Power              Power   (   %    )  Attrs
--------------------------------------------------------------------------------------------------
io_pad             0.0000            0.0000            0.0000            0.0000  (   0.00%)
memory             0.0000            0.0000            0.0000            0.0000  (   0.00%)
black_box          0.0000            0.0000            0.0000            0.0000  (   0.00%)
clock_network     81.7641            9.8427        3.4886e+03           95.0954  (  19.53%)
register         148.2931            2.0105        1.2634e+05          276.6462  (  56.81%)
sequential         0.0000            0.0000            0.0000            0.0000  (   0.00%)
combinational      3.8273           12.1901        9.9173e+04          115.1904  (  23.66%)
--------------------------------------------------------------------------------------------------
Total            233.8846 uW        24.0432 uW     2.2900e+05 nW       486.9320 uW
1
