Information: Propagating switching activity (low effort zero delay simulation). (PWR-6)
Warning: Design has unannotated primary inputs. (PWR-414)
Warning: Design has unannotated sequential cell outputs. (PWR-415)
 
****************************************
Report : power
        -analysis_effort low
Design : CPU
Version: N-2017.09-SP3
Date   : Fri Apr 17 10:19:49 2020
****************************************


Library(s) Used:

    NangateOpenCellLibrary (File: /import/lab/users/mehmedag/DeSCAM_Remote/DeSCAM/doc/Howto/PowerEstimation/NangateOpenCellLibrary_PDKv1_3_v2010_12/Front_End/Liberty/NLDM/NangateOpenCellLibrary_typical.db)


Operating Conditions: typical   Library: NangateOpenCellLibrary
Wire Load Model Mode: top

Design        Wire Load Model            Library
------------------------------------------------
CPU                    5K_hvratio_1_1    NangateOpenCellLibrary


Global Operating Voltage = 1.1  
Power-specific unit information :
    Voltage Units = 1V
    Capacitance Units = 1.000000ff
    Time Units = 1ns
    Dynamic Power Units = 1uW    (derived from V,C,T units)
    Leakage Power Units = 1nW


  Cell Internal Power  = 928.4761 uW   (93%)
  Net Switching Power  =  74.1954 uW    (7%)
                         ---------
Total Dynamic Power    =   1.0027 mW  (100%)

Cell Leakage Power     = 199.4353 uW


                 Internal         Switching           Leakage            Total
Power Group      Power            Power               Power              Power   (   %    )  Attrs
--------------------------------------------------------------------------------------------------
io_pad             0.0000            0.0000            0.0000            0.0000  (   0.00%)
memory             0.0000            0.0000            0.0000            0.0000  (   0.00%)
black_box          0.0000            0.0000            0.0000            0.0000  (   0.00%)
clock_network     53.5190           57.4951        2.4395e+03          113.4537  (   9.44%)
register         868.9221            0.5666        8.5304e+04          954.7929  (  79.43%)
sequential         0.0000            0.0000            0.0000            0.0000  (   0.00%)
combinational      6.0341           16.1337        1.1169e+05          133.8595  (  11.14%)
--------------------------------------------------------------------------------------------------
Total            928.4752 uW        74.1954 uW     1.9944e+05 nW     1.2021e+03 uW
1
