Information: Propagating switching activity (low effort zero delay simulation). (PWR-6)
Warning: Design has unannotated sequential cell outputs. (PWR-415)
 
****************************************
Report : power
        -analysis_effort low
Design : CPU
Version: N-2017.09-SP3
Date   : Mon May 11 15:21:27 2020
****************************************


Library(s) Used:

    NangateOpenCellLibrary (File: /import/lab/users/mehmedag/DeSCAM_Remote/DeSCAM/doc/Howto/PowerEstimation/NangateOpenCellLibrary_PDKv1_3_v2010_12/Front_End/Liberty/NLDM/NangateOpenCellLibrary_typical.db)


Operating Conditions: typical   Library: NangateOpenCellLibrary
Wire Load Model Mode: top

Design        Wire Load Model            Library
------------------------------------------------
CPU                    5K_hvratio_1_1    NangateOpenCellLibrary


Global Operating Voltage = 1.1  
Power-specific unit information :
    Voltage Units = 1V
    Capacitance Units = 1.000000ff
    Time Units = 1ns
    Dynamic Power Units = 1uW    (derived from V,C,T units)
    Leakage Power Units = 1nW


  Cell Internal Power  = 207.8012 uW   (88%)
  Net Switching Power  =  28.9653 uW   (12%)
                         ---------
Total Dynamic Power    = 236.7666 uW  (100%)

Cell Leakage Power     = 229.3448 uW


                 Internal         Switching           Leakage            Total
Power Group      Power            Power               Power              Power   (   %    )  Attrs
--------------------------------------------------------------------------------------------------
io_pad             0.0000            0.0000            0.0000            0.0000  (   0.00%)
memory             0.0000            0.0000            0.0000            0.0000  (   0.00%)
black_box          0.0000            0.0000            0.0000            0.0000  (   0.00%)
clock_network     83.1738            7.8965        3.4859e+03           94.5562  (  20.29%)
register         117.5923            3.1063        1.2650e+05          247.2035  (  53.04%)
sequential         0.0000            0.0000            0.0000            0.0000  (   0.00%)
combinational      7.0355           17.9626        9.9354e+04          124.3520  (  26.68%)
--------------------------------------------------------------------------------------------------
Total            207.8016 uW        28.9653 uW     2.2934e+05 nW       466.1117 uW
1
