Information: Propagating switching activity (low effort zero delay simulation). (PWR-6)
Warning: Design has unannotated sequential cell outputs. (PWR-415)
 
****************************************
Report : power
        -analysis_effort low
Design : CPU
Version: N-2017.09-SP3
Date   : Tue Apr 21 04:08:33 2020
****************************************


Library(s) Used:

    NangateOpenCellLibrary (File: /import/lab/users/mehmedag/DeSCAM_Remote/DeSCAM/doc/Howto/PowerEstimation/NangateOpenCellLibrary_PDKv1_3_v2010_12/Front_End/Liberty/NLDM/NangateOpenCellLibrary_typical.db)


Operating Conditions: typical   Library: NangateOpenCellLibrary
Wire Load Model Mode: top

Design        Wire Load Model            Library
------------------------------------------------
CPU                    5K_hvratio_1_1    NangateOpenCellLibrary


Global Operating Voltage = 1.1  
Power-specific unit information :
    Voltage Units = 1V
    Capacitance Units = 1.000000ff
    Time Units = 1ns
    Dynamic Power Units = 1uW    (derived from V,C,T units)
    Leakage Power Units = 1nW


  Cell Internal Power  = 199.5679 uW   (85%)
  Net Switching Power  =  35.6231 uW   (15%)
                         ---------
Total Dynamic Power    = 235.1910 uW  (100%)

Cell Leakage Power     = 231.3505 uW


                 Internal         Switching           Leakage            Total
Power Group      Power            Power               Power              Power   (   %    )  Attrs
--------------------------------------------------------------------------------------------------
io_pad             0.0000            0.0000            0.0000            0.0000  (   0.00%)
memory             0.0000            0.0000            0.0000            0.0000  (   0.00%)
black_box          0.0000            0.0000            0.0000            0.0000  (   0.00%)
clock_network     83.1622            6.9852        3.4855e+03           93.6329  (  20.07%)
register         105.2520            4.2353        1.2791e+05          237.3970  (  50.88%)
sequential         0.0000            0.0000            0.0000            0.0000  (   0.00%)
combinational     11.1534           24.4026        9.9955e+04          135.5111  (  29.05%)
--------------------------------------------------------------------------------------------------
Total            199.5677 uW        35.6231 uW     2.3135e+05 nW       466.5411 uW
1
