Information: Propagating switching activity (low effort zero delay simulation). (PWR-6)
Warning: Design has unannotated sequential cell outputs. (PWR-415)
 
****************************************
Report : power
        -analysis_effort low
Design : CPU
Version: N-2017.09-SP3
Date   : Fri May  8 12:40:51 2020
****************************************


Library(s) Used:

    NangateOpenCellLibrary (File: /import/lab/users/mehmedag/DeSCAM_Remote/DeSCAM/doc/Howto/PowerEstimation/NangateOpenCellLibrary_PDKv1_3_v2010_12/Front_End/Liberty/NLDM/NangateOpenCellLibrary_typical.db)


Operating Conditions: typical   Library: NangateOpenCellLibrary
Wire Load Model Mode: top

Design        Wire Load Model            Library
------------------------------------------------
CPU                    5K_hvratio_1_1    NangateOpenCellLibrary


Global Operating Voltage = 1.1  
Power-specific unit information :
    Voltage Units = 1V
    Capacitance Units = 1.000000ff
    Time Units = 1ns
    Dynamic Power Units = 1uW    (derived from V,C,T units)
    Leakage Power Units = 1nW


  Cell Internal Power  = 456.1328 uW   (92%)
  Net Switching Power  =  42.3088 uW    (8%)
                         ---------
Total Dynamic Power    = 498.4417 uW  (100%)

Cell Leakage Power     = 229.3906 uW


                 Internal         Switching           Leakage            Total
Power Group      Power            Power               Power              Power   (   %    )  Attrs
--------------------------------------------------------------------------------------------------
io_pad             0.0000            0.0000            0.0000            0.0000  (   0.00%)
memory             0.0000            0.0000            0.0000            0.0000  (   0.00%)
black_box          0.0000            0.0000            0.0000            0.0000  (   0.00%)
clock_network     78.2888           24.8096        3.5040e+03          106.6024  (  14.65%)
register         372.1343            2.4453        1.2674e+05          501.3214  (  68.88%)
sequential         0.0000            0.0000            0.0000            0.0000  (   0.00%)
combinational      5.7143           15.0540        9.9145e+04          119.9131  (  16.48%)
--------------------------------------------------------------------------------------------------
Total            456.1374 uW        42.3089 uW     2.2939e+05 nW       727.8369 uW
1
