Information: Propagating switching activity (low effort zero delay simulation). (PWR-6)
Warning: Design has unannotated sequential cell outputs. (PWR-415)
 
****************************************
Report : power
        -analysis_effort low
Design : CPU
Version: N-2017.09-SP3
Date   : Thu May 14 12:41:09 2020
****************************************


Library(s) Used:

    NangateOpenCellLibrary (File: /import/lab/users/mehmedag/DeSCAM_Remote/DeSCAM/doc/Howto/PowerEstimation/NangateOpenCellLibrary_PDKv1_3_v2010_12/Front_End/Liberty/NLDM/NangateOpenCellLibrary_typical.db)


Operating Conditions: typical   Library: NangateOpenCellLibrary
Wire Load Model Mode: top

Design        Wire Load Model            Library
------------------------------------------------
CPU                    5K_hvratio_1_1    NangateOpenCellLibrary


Global Operating Voltage = 1.1  
Power-specific unit information :
    Voltage Units = 1V
    Capacitance Units = 1.000000ff
    Time Units = 1ns
    Dynamic Power Units = 1uW    (derived from V,C,T units)
    Leakage Power Units = 1nW


  Cell Internal Power  = 227.5608 uW   (85%)
  Net Switching Power  =  39.5691 uW   (15%)
                         ---------
Total Dynamic Power    = 267.1299 uW  (100%)

Cell Leakage Power     = 233.0823 uW


                 Internal         Switching           Leakage            Total
Power Group      Power            Power               Power              Power   (   %    )  Attrs
--------------------------------------------------------------------------------------------------
io_pad             0.0000            0.0000            0.0000            0.0000  (   0.00%)
memory             0.0000            0.0000            0.0000            0.0000  (   0.00%)
black_box          0.0000            0.0000            0.0000            0.0000  (   0.00%)
clock_network     82.9320            8.1150        3.4872e+03           94.5341  (  18.90%)
register         128.0177            4.3726        1.2991e+05          262.3051  (  52.44%)
sequential         0.0000            0.0000            0.0000            0.0000  (   0.00%)
combinational     16.6117           27.0815        9.9680e+04          143.3736  (  28.66%)
--------------------------------------------------------------------------------------------------
Total            227.5614 uW        39.5691 uW     2.3308e+05 nW       500.2129 uW
1
