Information: Propagating switching activity (low effort zero delay simulation). (PWR-6)
Warning: Design has unannotated sequential cell outputs. (PWR-415)
 
****************************************
Report : power
        -analysis_effort low
Design : CPU
Version: N-2017.09-SP3
Date   : Tue Apr 21 03:48:05 2020
****************************************


Library(s) Used:

    NangateOpenCellLibrary (File: /import/lab/users/mehmedag/DeSCAM_Remote/DeSCAM/doc/Howto/PowerEstimation/NangateOpenCellLibrary_PDKv1_3_v2010_12/Front_End/Liberty/NLDM/NangateOpenCellLibrary_typical.db)


Operating Conditions: typical   Library: NangateOpenCellLibrary
Wire Load Model Mode: top

Design        Wire Load Model            Library
------------------------------------------------
CPU                    5K_hvratio_1_1    NangateOpenCellLibrary


Global Operating Voltage = 1.1  
Power-specific unit information :
    Voltage Units = 1V
    Capacitance Units = 1.000000ff
    Time Units = 1ns
    Dynamic Power Units = 1uW    (derived from V,C,T units)
    Leakage Power Units = 1nW


  Cell Internal Power  = 219.5713 uW   (90%)
  Net Switching Power  =  24.3879 uW   (10%)
                         ---------
Total Dynamic Power    = 243.9592 uW  (100%)

Cell Leakage Power     = 229.2984 uW


                 Internal         Switching           Leakage            Total
Power Group      Power            Power               Power              Power   (   %    )  Attrs
--------------------------------------------------------------------------------------------------
io_pad             0.0000            0.0000            0.0000            0.0000  (   0.00%)
memory             0.0000            0.0000            0.0000            0.0000  (   0.00%)
black_box          0.0000            0.0000            0.0000            0.0000  (   0.00%)
clock_network     82.9893            8.9601        3.4874e+03           95.4367  (  20.17%)
register         132.7034            2.1200        1.2634e+05          261.1675  (  55.18%)
sequential         0.0000            0.0000            0.0000            0.0000  (   0.00%)
combinational      3.8803           13.3078        9.9467e+04          116.6548  (  24.65%)
--------------------------------------------------------------------------------------------------
Total            219.5731 uW        24.3879 uW     2.2930e+05 nW       473.2590 uW
1
