Information: Propagating switching activity (low effort zero delay simulation). (PWR-6)
Warning: Design has unannotated sequential cell outputs. (PWR-415)
 
****************************************
Report : power
        -analysis_effort low
Design : CPU
Version: N-2017.09-SP3
Date   : Fri May  8 11:55:29 2020
****************************************


Library(s) Used:

    NangateOpenCellLibrary (File: /import/lab/users/mehmedag/DeSCAM_Remote/DeSCAM/doc/Howto/PowerEstimation/NangateOpenCellLibrary_PDKv1_3_v2010_12/Front_End/Liberty/NLDM/NangateOpenCellLibrary_typical.db)


Operating Conditions: typical   Library: NangateOpenCellLibrary
Wire Load Model Mode: top

Design        Wire Load Model            Library
------------------------------------------------
CPU                    5K_hvratio_1_1    NangateOpenCellLibrary


Global Operating Voltage = 1.1  
Power-specific unit information :
    Voltage Units = 1V
    Capacitance Units = 1.000000ff
    Time Units = 1ns
    Dynamic Power Units = 1uW    (derived from V,C,T units)
    Leakage Power Units = 1nW


  Cell Internal Power  = 435.3696 uW   (92%)
  Net Switching Power  =  38.8509 uW    (8%)
                         ---------
Total Dynamic Power    = 474.2206 uW  (100%)

Cell Leakage Power     = 229.2677 uW


                 Internal         Switching           Leakage            Total
Power Group      Power            Power               Power              Power   (   %    )  Attrs
--------------------------------------------------------------------------------------------------
io_pad             0.0000            0.0000            0.0000            0.0000  (   0.00%)
memory             0.0000            0.0000            0.0000            0.0000  (   0.00%)
black_box          0.0000            0.0000            0.0000            0.0000  (   0.00%)
clock_network     78.4598           23.4425        3.5034e+03          105.4057  (  14.98%)
register         352.3523            1.9783        1.2656e+05          480.8941  (  68.36%)
sequential         0.0000            0.0000            0.0000            0.0000  (   0.00%)
combinational      4.5613           13.4301        9.9201e+04          117.1924  (  16.66%)
--------------------------------------------------------------------------------------------------
Total            435.3734 uW        38.8509 uW     2.2927e+05 nW       703.4922 uW
1
