Information: Propagating switching activity (low effort zero delay simulation). (PWR-6)
Warning: Design has unannotated primary inputs. (PWR-414)
Warning: Design has unannotated sequential cell outputs. (PWR-415)
 
****************************************
Report : power
        -analysis_effort low
Design : CPU
Version: N-2017.09-SP3
Date   : Wed Apr 22 00:31:56 2020
****************************************


Library(s) Used:

    NangateOpenCellLibrary (File: /import/lab/users/mehmedag/DeSCAM_Remote/DeSCAM/doc/Howto/PowerEstimation/NangateOpenCellLibrary_PDKv1_3_v2010_12/Front_End/Liberty/NLDM/NangateOpenCellLibrary_typical.db)


Operating Conditions: typical   Library: NangateOpenCellLibrary
Wire Load Model Mode: top

Design        Wire Load Model            Library
------------------------------------------------
CPU                    5K_hvratio_1_1    NangateOpenCellLibrary


Global Operating Voltage = 1.1  
Power-specific unit information :
    Voltage Units = 1V
    Capacitance Units = 1.000000ff
    Time Units = 1ns
    Dynamic Power Units = 1uW    (derived from V,C,T units)
    Leakage Power Units = 1nW


  Cell Internal Power  = 935.2255 uW   (93%)
  Net Switching Power  =  75.3768 uW    (7%)
                         ---------
Total Dynamic Power    =   1.0106 mW  (100%)

Cell Leakage Power     = 199.4605 uW


                 Internal         Switching           Leakage            Total
Power Group      Power            Power               Power              Power   (   %    )  Attrs
--------------------------------------------------------------------------------------------------
io_pad             0.0000            0.0000            0.0000            0.0000  (   0.00%)
memory             0.0000            0.0000            0.0000            0.0000  (   0.00%)
black_box          0.0000            0.0000            0.0000            0.0000  (   0.00%)
clock_network     53.7344           58.0851        2.4402e+03          114.2597  (   9.44%)
register         874.9125            0.6309        8.5384e+04          960.9275  (  79.41%)
sequential         0.0000            0.0000            0.0000            0.0000  (   0.00%)
combinational      6.5782           16.6609        1.1164e+05          134.8753  (  11.15%)
--------------------------------------------------------------------------------------------------
Total            935.2251 uW        75.3769 uW     1.9946e+05 nW     1.2101e+03 uW
1
