Information: Propagating switching activity (low effort zero delay simulation). (PWR-6)
Warning: Design has unannotated sequential cell outputs. (PWR-415)
 
****************************************
Report : power
        -analysis_effort low
Design : CPU
Version: N-2017.09-SP3
Date   : Wed May 13 00:27:19 2020
****************************************


Library(s) Used:

    NangateOpenCellLibrary (File: /import/lab/users/mehmedag/DeSCAM_Remote/DeSCAM/doc/Howto/PowerEstimation/NangateOpenCellLibrary_PDKv1_3_v2010_12/Front_End/Liberty/NLDM/NangateOpenCellLibrary_typical.db)


Operating Conditions: typical   Library: NangateOpenCellLibrary
Wire Load Model Mode: top

Design        Wire Load Model            Library
------------------------------------------------
CPU                    5K_hvratio_1_1    NangateOpenCellLibrary


Global Operating Voltage = 1.1  
Power-specific unit information :
    Voltage Units = 1V
    Capacitance Units = 1.000000ff
    Time Units = 1ns
    Dynamic Power Units = 1uW    (derived from V,C,T units)
    Leakage Power Units = 1nW


  Cell Internal Power  = 232.1953 uW   (91%)
  Net Switching Power  =  22.9419 uW    (9%)
                         ---------
Total Dynamic Power    = 255.1372 uW  (100%)

Cell Leakage Power     = 228.9967 uW


                 Internal         Switching           Leakage            Total
Power Group      Power            Power               Power              Power   (   %    )  Attrs
--------------------------------------------------------------------------------------------------
io_pad             0.0000            0.0000            0.0000            0.0000  (   0.00%)
memory             0.0000            0.0000            0.0000            0.0000  (   0.00%)
black_box          0.0000            0.0000            0.0000            0.0000  (   0.00%)
clock_network     81.8031            9.7531        3.4885e+03           95.0446  (  19.63%)
register         146.7683            2.0261        1.2633e+05          275.1273  (  56.83%)
sequential         0.0000            0.0000            0.0000            0.0000  (   0.00%)
combinational      3.6233           11.1628        9.9175e+04          113.9614  (  23.54%)
--------------------------------------------------------------------------------------------------
Total            232.1947 uW        22.9419 uW     2.2900e+05 nW       484.1334 uW
1
