Information: Propagating switching activity (low effort zero delay simulation). (PWR-6)
Warning: Design has unannotated sequential cell outputs. (PWR-415)
 
****************************************
Report : power
        -analysis_effort low
Design : CPU
Version: N-2017.09-SP3
Date   : Tue Apr 21 04:11:54 2020
****************************************


Library(s) Used:

    NangateOpenCellLibrary (File: /import/lab/users/mehmedag/DeSCAM_Remote/DeSCAM/doc/Howto/PowerEstimation/NangateOpenCellLibrary_PDKv1_3_v2010_12/Front_End/Liberty/NLDM/NangateOpenCellLibrary_typical.db)


Operating Conditions: typical   Library: NangateOpenCellLibrary
Wire Load Model Mode: top

Design        Wire Load Model            Library
------------------------------------------------
CPU                    5K_hvratio_1_1    NangateOpenCellLibrary


Global Operating Voltage = 1.1  
Power-specific unit information :
    Voltage Units = 1V
    Capacitance Units = 1.000000ff
    Time Units = 1ns
    Dynamic Power Units = 1uW    (derived from V,C,T units)
    Leakage Power Units = 1nW


  Cell Internal Power  = 210.0438 uW   (87%)
  Net Switching Power  =  32.6268 uW   (13%)
                         ---------
Total Dynamic Power    = 242.6707 uW  (100%)

Cell Leakage Power     = 236.8888 uW


                 Internal         Switching           Leakage            Total
Power Group      Power            Power               Power              Power   (   %    )  Attrs
--------------------------------------------------------------------------------------------------
io_pad             0.0000            0.0000            0.0000            0.0000  (   0.00%)
memory             0.0000            0.0000            0.0000            0.0000  (   0.00%)
black_box          0.0000            0.0000            0.0000            0.0000  (   0.00%)
clock_network     82.6856            8.4283        3.4880e+03           94.6017  (  19.73%)
register         115.7750            3.3413        1.3307e+05          252.1877  (  52.59%)
sequential         0.0000            0.0000            0.0000            0.0000  (   0.00%)
combinational     11.5831           20.8573        1.0033e+05          132.7699  (  27.69%)
--------------------------------------------------------------------------------------------------
Total            210.0436 uW        32.6269 uW     2.3689e+05 nW       479.5593 uW
1
