Information: Propagating switching activity (low effort zero delay simulation). (PWR-6)
Warning: Design has unannotated primary inputs. (PWR-414)
Warning: Design has unannotated sequential cell outputs. (PWR-415)
 
****************************************
Report : power
        -analysis_effort low
Design : CPU
Version: N-2017.09-SP3
Date   : Wed Apr 22 00:26:35 2020
****************************************


Library(s) Used:

    NangateOpenCellLibrary (File: /import/lab/users/mehmedag/DeSCAM_Remote/DeSCAM/doc/Howto/PowerEstimation/NangateOpenCellLibrary_PDKv1_3_v2010_12/Front_End/Liberty/NLDM/NangateOpenCellLibrary_typical.db)


Operating Conditions: typical   Library: NangateOpenCellLibrary
Wire Load Model Mode: top

Design        Wire Load Model            Library
------------------------------------------------
CPU                    5K_hvratio_1_1    NangateOpenCellLibrary


Global Operating Voltage = 1.1  
Power-specific unit information :
    Voltage Units = 1V
    Capacitance Units = 1.000000ff
    Time Units = 1ns
    Dynamic Power Units = 1uW    (derived from V,C,T units)
    Leakage Power Units = 1nW


  Cell Internal Power  = 933.3194 uW   (93%)
  Net Switching Power  =  74.7525 uW    (7%)
                         ---------
Total Dynamic Power    =   1.0081 mW  (100%)

Cell Leakage Power     = 199.4426 uW


                 Internal         Switching           Leakage            Total
Power Group      Power            Power               Power              Power   (   %    )  Attrs
--------------------------------------------------------------------------------------------------
io_pad             0.0000            0.0000            0.0000            0.0000  (   0.00%)
memory             0.0000            0.0000            0.0000            0.0000  (   0.00%)
black_box          0.0000            0.0000            0.0000            0.0000  (   0.00%)
clock_network     53.7344           58.0851        2.4402e+03          114.2597  (   9.46%)
register         873.5645            0.5137        8.5412e+04          959.4897  (  79.46%)
sequential         0.0000            0.0000            0.0000            0.0000  (   0.00%)
combinational      6.0207           16.1537        1.1159e+05          133.7646  (  11.08%)
--------------------------------------------------------------------------------------------------
Total            933.3197 uW        74.7525 uW     1.9944e+05 nW     1.2075e+03 uW
1
