Information: Propagating switching activity (low effort zero delay simulation). (PWR-6)
Warning: Design has unannotated sequential cell outputs. (PWR-415)
 
****************************************
Report : power
        -analysis_effort low
Design : CPU
Version: N-2017.09-SP3
Date   : Mon May 11 13:04:19 2020
****************************************


Library(s) Used:

    NangateOpenCellLibrary (File: /import/lab/users/mehmedag/DeSCAM_Remote/DeSCAM/doc/Howto/PowerEstimation/NangateOpenCellLibrary_PDKv1_3_v2010_12/Front_End/Liberty/NLDM/NangateOpenCellLibrary_typical.db)


Operating Conditions: typical   Library: NangateOpenCellLibrary
Wire Load Model Mode: top

Design        Wire Load Model            Library
------------------------------------------------
CPU                    5K_hvratio_1_1    NangateOpenCellLibrary


Global Operating Voltage = 1.1  
Power-specific unit information :
    Voltage Units = 1V
    Capacitance Units = 1.000000ff
    Time Units = 1ns
    Dynamic Power Units = 1uW    (derived from V,C,T units)
    Leakage Power Units = 1nW


  Cell Internal Power  = 184.3588 uW   (90%)
  Net Switching Power  =  19.4886 uW   (10%)
                         ---------
Total Dynamic Power    = 203.8474 uW  (100%)

Cell Leakage Power     = 229.1672 uW


                 Internal         Switching           Leakage            Total
Power Group      Power            Power               Power              Power   (   %    )  Attrs
--------------------------------------------------------------------------------------------------
io_pad             0.0000            0.0000            0.0000            0.0000  (   0.00%)
memory             0.0000            0.0000            0.0000            0.0000  (   0.00%)
black_box          0.0000            0.0000            0.0000            0.0000  (   0.00%)
clock_network     82.9783            6.5384        3.4850e+03           93.0018  (  21.48%)
register          97.9010            1.9977        1.2635e+05          226.2515  (  52.25%)
sequential         0.0000            0.0000            0.0000            0.0000  (   0.00%)
combinational      3.4776           10.9524        9.9329e+04          113.7591  (  26.27%)
--------------------------------------------------------------------------------------------------
Total            184.3569 uW        19.4886 uW     2.2917e+05 nW       433.0125 uW
1
