Information: Propagating switching activity (low effort zero delay simulation). (PWR-6)
Warning: Design has unannotated sequential cell outputs. (PWR-415)
 
****************************************
Report : power
        -analysis_effort low
Design : CPU
Version: N-2017.09-SP3
Date   : Fri May  8 13:33:03 2020
****************************************


Library(s) Used:

    NangateOpenCellLibrary (File: /import/lab/users/mehmedag/DeSCAM_Remote/DeSCAM/doc/Howto/PowerEstimation/NangateOpenCellLibrary_PDKv1_3_v2010_12/Front_End/Liberty/NLDM/NangateOpenCellLibrary_typical.db)


Operating Conditions: typical   Library: NangateOpenCellLibrary
Wire Load Model Mode: top

Design        Wire Load Model            Library
------------------------------------------------
CPU                    5K_hvratio_1_1    NangateOpenCellLibrary


Global Operating Voltage = 1.1  
Power-specific unit information :
    Voltage Units = 1V
    Capacitance Units = 1.000000ff
    Time Units = 1ns
    Dynamic Power Units = 1uW    (derived from V,C,T units)
    Leakage Power Units = 1nW


  Cell Internal Power  = 184.7784 uW   (90%)
  Net Switching Power  =  20.4420 uW   (10%)
                         ---------
Total Dynamic Power    = 205.2204 uW  (100%)

Cell Leakage Power     = 229.1518 uW


                 Internal         Switching           Leakage            Total
Power Group      Power            Power               Power              Power   (   %    )  Attrs
--------------------------------------------------------------------------------------------------
io_pad             0.0000            0.0000            0.0000            0.0000  (   0.00%)
memory             0.0000            0.0000            0.0000            0.0000  (   0.00%)
black_box          0.0000            0.0000            0.0000            0.0000  (   0.00%)
clock_network     82.9700            6.5348        3.4850e+03           92.9897  (  21.41%)
register          98.1526            1.9721        1.2637e+05          226.4926  (  52.14%)
sequential         0.0000            0.0000            0.0000            0.0000  (   0.00%)
combinational      3.6564           11.9352        9.9299e+04          114.8906  (  26.45%)
--------------------------------------------------------------------------------------------------
Total            184.7790 uW        20.4421 uW     2.2915e+05 nW       434.3730 uW
1
