Information: Propagating switching activity (low effort zero delay simulation). (PWR-6)
Warning: Design has unannotated sequential cell outputs. (PWR-415)
 
****************************************
Report : power
        -analysis_effort low
Design : CPU
Version: N-2017.09-SP3
Date   : Sun May 10 23:37:38 2020
****************************************


Library(s) Used:

    NangateOpenCellLibrary (File: /import/lab/users/mehmedag/DeSCAM_Remote/DeSCAM/doc/Howto/PowerEstimation/NangateOpenCellLibrary_PDKv1_3_v2010_12/Front_End/Liberty/NLDM/NangateOpenCellLibrary_typical.db)


Operating Conditions: typical   Library: NangateOpenCellLibrary
Wire Load Model Mode: top

Design        Wire Load Model            Library
------------------------------------------------
CPU                    5K_hvratio_1_1    NangateOpenCellLibrary


Global Operating Voltage = 1.1  
Power-specific unit information :
    Voltage Units = 1V
    Capacitance Units = 1.000000ff
    Time Units = 1ns
    Dynamic Power Units = 1uW    (derived from V,C,T units)
    Leakage Power Units = 1nW


  Cell Internal Power  = 237.9949 uW   (90%)
  Net Switching Power  =  24.9928 uW   (10%)
                         ---------
Total Dynamic Power    = 262.9877 uW  (100%)

Cell Leakage Power     = 228.9646 uW


                 Internal         Switching           Leakage            Total
Power Group      Power            Power               Power              Power   (   %    )  Attrs
--------------------------------------------------------------------------------------------------
io_pad             0.0000            0.0000            0.0000            0.0000  (   0.00%)
memory             0.0000            0.0000            0.0000            0.0000  (   0.00%)
black_box          0.0000            0.0000            0.0000            0.0000  (   0.00%)
clock_network     83.2739           10.2450        3.4878e+03           97.0068  (  19.72%)
register         150.4866            1.8217        1.2649e+05          278.7987  (  56.67%)
sequential         0.0000            0.0000            0.0000            0.0000  (   0.00%)
combinational      4.2344           12.9262        9.8986e+04          116.1468  (  23.61%)
--------------------------------------------------------------------------------------------------
Total            237.9949 uW        24.9929 uW     2.2896e+05 nW       491.9524 uW
1
