Information: Propagating switching activity (low effort zero delay simulation). (PWR-6)
Warning: Design has unannotated primary inputs. (PWR-414)
Warning: Design has unannotated sequential cell outputs. (PWR-415)
 
****************************************
Report : power
        -analysis_effort low
Design : CPU
Version: N-2017.09-SP3
Date   : Fri Apr 17 11:09:58 2020
****************************************


Library(s) Used:

    NangateOpenCellLibrary (File: /import/lab/users/mehmedag/DeSCAM_Remote/DeSCAM/doc/Howto/PowerEstimation/NangateOpenCellLibrary_PDKv1_3_v2010_12/Front_End/Liberty/NLDM/NangateOpenCellLibrary_typical.db)


Operating Conditions: typical   Library: NangateOpenCellLibrary
Wire Load Model Mode: top

Design        Wire Load Model            Library
------------------------------------------------
CPU                    5K_hvratio_1_1    NangateOpenCellLibrary


Global Operating Voltage = 1.1  
Power-specific unit information :
    Voltage Units = 1V
    Capacitance Units = 1.000000ff
    Time Units = 1ns
    Dynamic Power Units = 1uW    (derived from V,C,T units)
    Leakage Power Units = 1nW


  Cell Internal Power  = 933.5472 uW   (93%)
  Net Switching Power  =  74.9068 uW    (7%)
                         ---------
Total Dynamic Power    =   1.0085 mW  (100%)

Cell Leakage Power     = 199.4685 uW


                 Internal         Switching           Leakage            Total
Power Group      Power            Power               Power              Power   (   %    )  Attrs
--------------------------------------------------------------------------------------------------
io_pad             0.0000            0.0000            0.0000            0.0000  (   0.00%)
memory             0.0000            0.0000            0.0000            0.0000  (   0.00%)
black_box          0.0000            0.0000            0.0000            0.0000  (   0.00%)
clock_network     53.7344           58.0851        2.4402e+03          114.2597  (   9.46%)
register         873.6616            0.5333        8.5409e+04          959.6028  (  79.44%)
sequential         0.0000            0.0000            0.0000            0.0000  (   0.00%)
combinational      6.1514           16.2885        1.1162e+05          134.0596  (  11.10%)
--------------------------------------------------------------------------------------------------
Total            933.5475 uW        74.9068 uW     1.9947e+05 nW     1.2079e+03 uW
1
