Information: Propagating switching activity (low effort zero delay simulation). (PWR-6)
Warning: Design has unannotated sequential cell outputs. (PWR-415)
 
****************************************
Report : power
        -analysis_effort low
Design : CPU
Version: N-2017.09-SP3
Date   : Mon May 11 13:23:02 2020
****************************************


Library(s) Used:

    NangateOpenCellLibrary (File: /import/lab/users/mehmedag/DeSCAM_Remote/DeSCAM/doc/Howto/PowerEstimation/NangateOpenCellLibrary_PDKv1_3_v2010_12/Front_End/Liberty/NLDM/NangateOpenCellLibrary_typical.db)


Operating Conditions: typical   Library: NangateOpenCellLibrary
Wire Load Model Mode: top

Design        Wire Load Model            Library
------------------------------------------------
CPU                    5K_hvratio_1_1    NangateOpenCellLibrary


Global Operating Voltage = 1.1  
Power-specific unit information :
    Voltage Units = 1V
    Capacitance Units = 1.000000ff
    Time Units = 1ns
    Dynamic Power Units = 1uW    (derived from V,C,T units)
    Leakage Power Units = 1nW


  Cell Internal Power  = 218.0956 uW   (90%)
  Net Switching Power  =  24.8873 uW   (10%)
                         ---------
Total Dynamic Power    = 242.9828 uW  (100%)

Cell Leakage Power     = 230.4462 uW


                 Internal         Switching           Leakage            Total
Power Group      Power            Power               Power              Power   (   %    )  Attrs
--------------------------------------------------------------------------------------------------
io_pad             0.0000            0.0000            0.0000            0.0000  (   0.00%)
memory             0.0000            0.0000            0.0000            0.0000  (   0.00%)
black_box          0.0000            0.0000            0.0000            0.0000  (   0.00%)
clock_network     83.0034            8.9473        3.4873e+03           95.4380  (  20.16%)
register         130.6107            2.4304        1.2677e+05          259.8121  (  54.88%)
sequential         0.0000            0.0000            0.0000            0.0000  (   0.00%)
combinational      4.4804           13.5095        1.0019e+05          118.1781  (  24.96%)
--------------------------------------------------------------------------------------------------
Total            218.0944 uW        24.8873 uW     2.3045e+05 nW       473.4282 uW
1
