Information: Propagating switching activity (low effort zero delay simulation). (PWR-6)
Warning: Design has unannotated sequential cell outputs. (PWR-415)
 
****************************************
Report : power
        -analysis_effort low
Design : CPU
Version: N-2017.09-SP3
Date   : Mon May 11 13:09:12 2020
****************************************


Library(s) Used:

    NangateOpenCellLibrary (File: /import/lab/users/mehmedag/DeSCAM_Remote/DeSCAM/doc/Howto/PowerEstimation/NangateOpenCellLibrary_PDKv1_3_v2010_12/Front_End/Liberty/NLDM/NangateOpenCellLibrary_typical.db)


Operating Conditions: typical   Library: NangateOpenCellLibrary
Wire Load Model Mode: top

Design        Wire Load Model            Library
------------------------------------------------
CPU                    5K_hvratio_1_1    NangateOpenCellLibrary


Global Operating Voltage = 1.1  
Power-specific unit information :
    Voltage Units = 1V
    Capacitance Units = 1.000000ff
    Time Units = 1ns
    Dynamic Power Units = 1uW    (derived from V,C,T units)
    Leakage Power Units = 1nW


  Cell Internal Power  = 239.7716 uW   (91%)
  Net Switching Power  =  23.8489 uW    (9%)
                         ---------
Total Dynamic Power    = 263.6204 uW  (100%)

Cell Leakage Power     = 230.4971 uW


                 Internal         Switching           Leakage            Total
Power Group      Power            Power               Power              Power   (   %    )  Attrs
--------------------------------------------------------------------------------------------------
io_pad             0.0000            0.0000            0.0000            0.0000  (   0.00%)
memory             0.0000            0.0000            0.0000            0.0000  (   0.00%)
black_box          0.0000            0.0000            0.0000            0.0000  (   0.00%)
clock_network     83.2595           10.3542        3.4878e+03           97.1015  (  19.65%)
register         152.1423            1.8250        1.2667e+05          280.6329  (  56.80%)
sequential         0.0000            0.0000            0.0000            0.0000  (   0.00%)
combinational      4.3670           11.6697        1.0034e+05          116.3804  (  23.55%)
--------------------------------------------------------------------------------------------------
Total            239.7689 uW        23.8489 uW     2.3050e+05 nW       494.1149 uW
1
