Information: Propagating switching activity (low effort zero delay simulation). (PWR-6)
Warning: Design has unannotated sequential cell outputs. (PWR-415)
 
****************************************
Report : power
        -analysis_effort low
Design : CPU
Version: N-2017.09-SP3
Date   : Tue May 12 23:40:23 2020
****************************************


Library(s) Used:

    NangateOpenCellLibrary (File: /import/lab/users/mehmedag/DeSCAM_Remote/DeSCAM/doc/Howto/PowerEstimation/NangateOpenCellLibrary_PDKv1_3_v2010_12/Front_End/Liberty/NLDM/NangateOpenCellLibrary_typical.db)


Operating Conditions: typical   Library: NangateOpenCellLibrary
Wire Load Model Mode: top

Design        Wire Load Model            Library
------------------------------------------------
CPU                    5K_hvratio_1_1    NangateOpenCellLibrary


Global Operating Voltage = 1.1  
Power-specific unit information :
    Voltage Units = 1V
    Capacitance Units = 1.000000ff
    Time Units = 1ns
    Dynamic Power Units = 1uW    (derived from V,C,T units)
    Leakage Power Units = 1nW


  Cell Internal Power  = 255.7741 uW   (89%)
  Net Switching Power  =  30.7736 uW   (11%)
                         ---------
Total Dynamic Power    = 286.5477 uW  (100%)

Cell Leakage Power     = 229.2007 uW


                 Internal         Switching           Leakage            Total
Power Group      Power            Power               Power              Power   (   %    )  Attrs
--------------------------------------------------------------------------------------------------
io_pad             0.0000            0.0000            0.0000            0.0000  (   0.00%)
memory             0.0000            0.0000            0.0000            0.0000  (   0.00%)
black_box          0.0000            0.0000            0.0000            0.0000  (   0.00%)
clock_network     81.7903           11.1801        3.4901e+03           96.4604  (  18.70%)
register         167.5342            2.8706        1.2650e+05          296.9094  (  57.57%)
sequential         0.0000            0.0000            0.0000            0.0000  (   0.00%)
combinational      6.4501           16.7230        9.9206e+04          122.3792  (  23.73%)
--------------------------------------------------------------------------------------------------
Total            255.7746 uW        30.7736 uW     2.2920e+05 nW       515.7491 uW
1
