Information: Propagating switching activity (low effort zero delay simulation). (PWR-6)
Warning: Design has unannotated sequential cell outputs. (PWR-415)
 
****************************************
Report : power
        -analysis_effort low
Design : CPU
Version: N-2017.09-SP3
Date   : Tue Apr 21 14:23:00 2020
****************************************


Library(s) Used:

    NangateOpenCellLibrary (File: /import/lab/users/mehmedag/DeSCAM_Remote/DeSCAM/doc/Howto/PowerEstimation/NangateOpenCellLibrary_PDKv1_3_v2010_12/Front_End/Liberty/NLDM/NangateOpenCellLibrary_typical.db)


Operating Conditions: typical   Library: NangateOpenCellLibrary
Wire Load Model Mode: top

Design        Wire Load Model            Library
------------------------------------------------
CPU                    5K_hvratio_1_1    NangateOpenCellLibrary


Global Operating Voltage = 1.1  
Power-specific unit information :
    Voltage Units = 1V
    Capacitance Units = 1.000000ff
    Time Units = 1ns
    Dynamic Power Units = 1uW    (derived from V,C,T units)
    Leakage Power Units = 1nW


  Cell Internal Power  = 220.5838 uW   (84%)
  Net Switching Power  =  42.7351 uW   (16%)
                         ---------
Total Dynamic Power    = 263.3189 uW  (100%)

Cell Leakage Power     = 236.6525 uW


                 Internal         Switching           Leakage            Total
Power Group      Power            Power               Power              Power   (   %    )  Attrs
--------------------------------------------------------------------------------------------------
io_pad             0.0000            0.0000            0.0000            0.0000  (   0.00%)
memory             0.0000            0.0000            0.0000            0.0000  (   0.00%)
black_box          0.0000            0.0000            0.0000            0.0000  (   0.00%)
clock_network     83.1122            6.7323        3.4850e+03           93.3294  (  18.67%)
register         117.6554            4.9507        1.3224e+05          254.8495  (  50.97%)
sequential         0.0000            0.0000            0.0000            0.0000  (   0.00%)
combinational     19.8165           31.0522        1.0092e+05          151.7927  (  30.36%)
--------------------------------------------------------------------------------------------------
Total            220.5840 uW        42.7351 uW     2.3665e+05 nW       499.9716 uW
1
