Information: Propagating switching activity (low effort zero delay simulation). (PWR-6)
Warning: Design has unannotated primary inputs. (PWR-414)
Warning: Design has unannotated sequential cell outputs. (PWR-415)
 
****************************************
Report : power
        -analysis_effort low
Design : CPU
Version: N-2017.09-SP3
Date   : Mon Apr 20 14:07:39 2020
****************************************


Library(s) Used:

    NangateOpenCellLibrary (File: /import/lab/users/mehmedag/DeSCAM_Remote/DeSCAM/doc/Howto/PowerEstimation/NangateOpenCellLibrary_PDKv1_3_v2010_12/Front_End/Liberty/NLDM/NangateOpenCellLibrary_typical.db)


Operating Conditions: typical   Library: NangateOpenCellLibrary
Wire Load Model Mode: top

Design        Wire Load Model            Library
------------------------------------------------
CPU                    5K_hvratio_1_1    NangateOpenCellLibrary


Global Operating Voltage = 1.1  
Power-specific unit information :
    Voltage Units = 1V
    Capacitance Units = 1.000000ff
    Time Units = 1ns
    Dynamic Power Units = 1uW    (derived from V,C,T units)
    Leakage Power Units = 1nW


  Cell Internal Power  = 931.4001 uW   (93%)
  Net Switching Power  =  74.9187 uW    (7%)
                         ---------
Total Dynamic Power    =   1.0063 mW  (100%)

Cell Leakage Power     = 199.4105 uW


                 Internal         Switching           Leakage            Total
Power Group      Power            Power               Power              Power   (   %    )  Attrs
--------------------------------------------------------------------------------------------------
io_pad             0.0000            0.0000            0.0000            0.0000  (   0.00%)
memory             0.0000            0.0000            0.0000            0.0000  (   0.00%)
black_box          0.0000            0.0000            0.0000            0.0000  (   0.00%)
clock_network     53.7157           58.0567        2.4399e+03          114.2123  (   9.47%)
register         871.3020            0.5976        8.5379e+04          957.2787  (  79.39%)
sequential         0.0000            0.0000            0.0000            0.0000  (   0.00%)
combinational      6.3823           16.2645        1.1159e+05          134.2379  (  11.13%)
--------------------------------------------------------------------------------------------------
Total            931.4001 uW        74.9187 uW     1.9941e+05 nW     1.2057e+03 uW
1
