 
****************************************
Report : area
Design : CPU
Version: N-2017.09-SP3
Date   : Fri Apr 17 00:21:14 2020
****************************************

Library(s) Used:

    NangateOpenCellLibrary (File: /import/lab/users/mehmedag/DeSCAM_Remote/DeSCAM/doc/Howto/PowerEstimation/NangateOpenCellLibrary_PDKv1_3_v2010_12/Front_End/Liberty/NLDM/NangateOpenCellLibrary_typical.db)

Number of ports:                          218
Number of nets:                          5968
Number of cells:                         5731
Number of combinational cells:           4522
Number of sequential cells:              1172
Number of macros/black boxes:               0
Number of buf/inv:                        565
Number of references:                      72

Combinational area:               5433.316070
Buf/Inv area:                      328.776000
Noncombinational area:            5226.367817
Macro/Black Box area:                0.000000
Net Interconnect area:      undefined  (Wire load has zero net area)

Total cell area:                 10659.683887
Total area:                 undefined
1
